.text
main:
00400000	3c01000a		lui		$1 10
00400004	200c000c		addi		$t4, $zero, 12
00400008	27ad000a		addiu		$t5, $sp, 10
0040000c	2810d8f0		slti		$s0, $zero, -10000
00400010	2e110539		sltiu		$s1, $s0, 1337
00400014	3394007b		andi		$s4, $gp, 123
00400018	36d40065		ori 		$s4, $s6, 101
0040001c	3857aaaa		xori		$s7, $v0, 0xAAAA
00400020	00129100		sll		$s2, $s2, 4
00400024	00129882		srl		$s3, $s2, 2
00400028	001888c3		sra		$s1, $t8, 3
0040002c	03598004		sllv		$s0, $t9, $k0
00400030	03718006		srlv		$s0, $s1, $k1
00400034	02718007		srav		$s0, $s1, $s3
00400038	00008010		mfhi		$s0
0040003c	02200011		mthi		$s1
00400040	00009012		mflo		$s2
00400044	02600013		mtlo		$s3
00400048	02950018		mult		$s4, $s5
0040004c	02d70019		multu 		$s6, $s7
00400050	02e8001a		div		$s7, $t0
00400054	012a001b		divu		$t1, $t2
00400058	018d5820		add		$t3, $t4, $t5
0040005c	01f87021		addu		$t6, $t7, $t8
00400060	0085c824		and		$t9, $a0, $a1
00400064	00fa3025		or 		$a2, $a3, $k0
00400068	039d8026		xor 		$s0, $gp, $sp
0040006c	037e8827		nor		$s1, $k1, $fp
00400070	035f902a		slt		$s2, $k0, $ra
00400074	035f902b		sltu		$s2, $k0, $ra


