.text
main:
00400000	34020004		ori $v0, $zero, 4
00400004	34020004		ori $v0, $0, 0x4
00400008	34020004		ori $v0,$zero,4
0040000c	34020004		ori $v0,  ,$0,4
00400010	34020004		ori $v0,$0,


